<html>
<body>
<pre>
<h1>µVision Build Log</h1>
<h2>Tool Versions:</h2>
IDE-Version: µVision V5.39.0.0
Copyright (C) 2023 ARM Ltd and ARM Germany GmbH. All rights reserved.
License Information: vysakh c, HP Inc., LIC=----
 
Tool Versions:
Toolchain:       MDK-Lite  Version: 5.39.0.0
Toolchain Path:  C:\Keil_v5\ARM\ARMCLANG\Bin
C Compiler:      ArmClang.exe V6.21
Assembler:       Armasm.exe V6.21
Linker/Locator:  ArmLink.exe V6.21
Library Manager: ArmAr.exe V6.21
Hex Converter:   FromElf.exe V6.21
CPU DLL:         SARMCM3.DLL V5.39.0.0
Dialog DLL:      DCM.DLL V1.17.5.0
Target DLL:      UL2CM3.DLL V1.164.9.0
Dialog DLL:      TCM.DLL V1.56.4.0
 
<h2>Project:</h2>
D:\STM32F407VGT6U DISCOVERY BOARD_CMSIS\11_SPI_ADXL345\11_SPI_ADXL345.uvprojx
Project File Date:  03/07/2024

<h2>Output:</h2>
*** Using Compiler 'V6.21', folder: 'C:\Keil_v5\ARM\ARMCLANG\Bin'
Build target 'Target 1'
main.c(146): warning: variable 'temp' set but not used [-Wunused-but-set-variable]
  146 |   uint32_t temp;
      |            ^
main.c(166): warning: implicit conversion loses integer precision: 'volatile uint32_t' (aka 'volatile unsigned int') to 'uint8_t' (aka 'unsigned char') [-Wimplicit-int-conversion]
  166 |         *data++ = (SPI1->DR);
      |                 ~  ~~~~~~^~
main.c(183): warning: no newline at end of file [-Wnewline-eof]
  183 | /*----------------------------------------------------------------------------------------------------------------*/
      |                                                                                                                     ^
main.c(94): warning: unsafe buffer access [-Wunsafe-buffer-usage]
   94 |   GPIOA->AFR[1] |= GPIO_AFRH_AFRH7_2 | GPIO_AFRH_AFRH7_0;
      |   ^~~~~~~~~~
C:/Users/vysak/AppData/Local/Arm/Packs/Keil/STM32F4xx_DFP/2.17.1/Drivers/CMSIS/Device/ST/STM32F4xx/Include\stm32f407xx.h(1102): note: expanded from macro 'GPIOA'
 1102 | #define GPIOA               ((GPIO_TypeDef *) GPIOA_BASE)
      |                             ^
main.c(95): warning: unsafe buffer access [-Wunsafe-buffer-usage]
   95 |   GPIOA->AFR[1] &= ~(GPIO_AFRH_AFRH7_3 | GPIO_AFRH_AFRH7_1);
      |   ^~~~~~~~~~
C:/Users/vysak/AppData/Local/Arm/Packs/Keil/STM32F4xx_DFP/2.17.1/Drivers/CMSIS/Device/ST/STM32F4xx/Include\stm32f407xx.h(1102): note: expanded from macro 'GPIOA'
 1102 | #define GPIOA               ((GPIO_TypeDef *) GPIOA_BASE)
      |                             ^
main.c(151): warning: unsafe buffer access [-Wunsafe-buffer-usage]
  151 |   SPI1->DR = data[i];
      |              ^~~~
main.c(166): warning: unsafe pointer arithmetic [-Wunsafe-buffer-usage]
  166 |         *data++ = (SPI1->DR);
      |          ^~~~
7 warnings generated.
compiling main.c...
linking...
Program Size: Code=420 RO-data=408 RW-data=0 ZI-data=1632  
".\Objects\11_SPI_ADXL345.axf" - 0 Error(s), 7 Warning(s).

<h2>Software Packages used:</h2>

Package Vendor: ARM
                https://www.keil.com/pack/ARM.CMSIS.6.0.0.pack
                ARM::CMSIS@6.0.0
                CMSIS (Common Microcontroller Software Interface Standard)
   * Component: CORE Version: 6.0.0

Package Vendor: Keil
                https://www.keil.com/pack/Keil.STM32F4xx_DFP.2.17.1.pack
                Keil::STM32F4xx_DFP@2.17.1
                STMicroelectronics STM32F4 Series Device Support, Drivers and Examples
   * Component: Startup Version: 2.6.3

<h2>Collection of Component include folders:</h2>
  ./RTE/_Target_1
  C:/Users/vysak/AppData/Local/Arm/Packs/ARM/CMSIS/6.0.0/CMSIS/Core/Include
  C:/Users/vysak/AppData/Local/Arm/Packs/Keil/STM32F4xx_DFP/2.17.1/Drivers/CMSIS/Device/ST/STM32F4xx/Include

<h2>Collection of Component Files used:</h2>

   * Component: ARM::CMSIS:CORE@6.0.0

   * Component: Keil::Device:Startup@2.6.3
      Source file:   MDK/Device/Source/ARM/STM32F4xx_OTP.s
      Source file:   MDK/Device/Source/ARM/STM32F40xxx_41xxx_OPT.s
      Include file:  Drivers/CMSIS/Device/ST/STM32F4xx/Include/stm32f4xx.h
      Source file:   Drivers/CMSIS/Device/ST/STM32F4xx/Source/Templates/arm/startup_stm32f407xx.s
      Source file:   Drivers/CMSIS/Device/ST/STM32F4xx/Source/Templates/system_stm32f4xx.c
Build Time Elapsed:  00:00:00
</pre>
</body>
</html>
