<html>
<body>
<pre>
<h1>µVision Build Log</h1>
<h2>Tool Versions:</h2>
IDE-Version: µVision V5.39.0.0
Copyright (C) 2023 ARM Ltd and ARM Germany GmbH. All rights reserved.
License Information: Vysakh c, nil, LIC=----
 
Tool Versions:
Toolchain:       MDK-Lite  Version: 5.39.0.0
Toolchain Path:  C:\Keil_v5\ARM\ARMCLANG\Bin
C Compiler:      ArmClang.exe V6.21
Assembler:       Armasm.exe V6.21
Linker/Locator:  ArmLink.exe V6.21
Library Manager: ArmAr.exe V6.21
Hex Converter:   FromElf.exe V6.21
CPU DLL:         SARMCM3.DLL V5.39.0.0
Dialog DLL:      DCM.DLL V1.17.5.0
Target DLL:      STLink\ST-LINKIII-KEIL_SWO.dll V3.2.0.0
Dialog DLL:      TCM.DLL V1.56.4.0
 
<h2>Project:</h2>
D:\STM32F407-Programs-CMSIS\I2C\I2C_ADXL345\I2C_ADXL345.uvprojx
Project File Date:  04/27/2024

<h2>Output:</h2>
*** Using Compiler 'V6.21', folder: 'C:\Keil_v5\ARM\ARMCLANG\Bin'
Build target 'Target 1'
i2c.c(88): warning: implicit conversion changes signedness: 'int' to 'uint32_t' (aka 'unsigned int') [-Wsign-conversion]
   88 |                         I2C1->DR = saddr << 1;
      |                                  ~ ~~~~~~^~~~
i2c.c(94): warning: implicit conversion changes signedness: 'volatile uint32_t' (aka 'volatile unsigned int') to 'int' [-Wsign-conversion]
   94 |                         tmp = I2C1->SR2;
      |                             ~ ~~~~~~^~~
i2c.c(109): warning: implicit conversion changes signedness: 'int' to 'uint32_t' (aka 'unsigned int') [-Wsign-conversion]
  109 |                         I2C1->DR = saddr << 1 | 1;
      |                                  ~ ~~~~~~~~~~~^~~
i2c.c(118): warning: implicit conversion changes signedness: 'volatile uint32_t' (aka 'volatile unsigned int') to 'int' [-Wsign-conversion]
  118 |                         tmp = I2C1->SR2;
      |                             ~ ~~~~~~^~~
i2c.c(127): warning: implicit conversion loses integer precision: 'volatile uint32_t' (aka 'volatile unsigned int') to 'char' [-Wimplicit-int-conversion]
  127 |                                 *data++ = I2C1->DR;
      |                                         ~ ~~~~~~^~
i2c.c(76): warning: variable 'tmp' set but not used [-Wunused-but-set-variable]
   76 |         volatile int tmp;
      |                      ^
i2c.c(145): warning: implicit conversion changes signedness: 'int' to 'uint32_t' (aka 'unsigned int') [-Wsign-conversion]
  145 |                         I2C1->DR = saddr << 1;
      |                                  ~ ~~~~~~^~~~
i2c.c(151): warning: implicit conversion changes signedness: 'volatile uint32_t' (aka 'volatile unsigned int') to 'int' [-Wsign-conversion]
  151 |                         tmp = I2C1->SR2;
      |                             ~ ~~~~~~^~~
i2c.c(169): warning: implicit conversion changes signedness: 'int' to 'uint32_t' (aka 'unsigned int') [-Wsign-conversion]
  169 |                         I2C1->DR = saddr << 1 | 1;
      |                                  ~ ~~~~~~~~~~~^~~
i2c.c(175): warning: implicit conversion changes signedness: 'volatile uint32_t' (aka 'volatile unsigned int') to 'int' [-Wsign-conversion]
  175 |                         tmp = I2C1->SR2;
      |                             ~ ~~~~~~^~~
i2c.c(195): warning: implicit conversion loses integer precision: 'volatile uint32_t' (aka 'volatile unsigned int') to 'char' [-Wimplicit-int-conversion]
  195 |                                 *data++ = I2C1->DR;
      |                                         ~ ~~~~~~^~
i2c.c(203): warning: implicit conversion loses integer precision: 'volatile uint32_t' (aka 'volatile unsigned int') to 'char' [-Wimplicit-int-conversion]
  203 |                                                 (*data++) = I2C1->DR;
      |                                                           ~ ~~~~~~^~
i2c.c(133): warning: variable 'tmp' set but not used [-Wunused-but-set-variable]
  133 |         volatile int tmp;
      |                      ^
i2c.c(180): warning: comparison of integers of different signs: 'int' and 'unsigned int' [-Wsign-compare]
  180 |                  while(n > 0U)
      |                        ~ ^ ~~
i2c.c(227): warning: implicit conversion changes signedness: 'int' to 'uint32_t' (aka 'unsigned int') [-Wsign-conversion]
  227 |                         I2C1->DR = saddr << 1;
      |                                  ~ ~~~~~~^~~~
i2c.c(233): warning: implicit conversion changes signedness: 'volatile uint32_t' (aka 'volatile unsigned int') to 'int' [-Wsign-conversion]
  233 |                         tmp = I2C1->SR2;
      |                             ~ ~~~~~~^~~
i2c.c(255): warning: no newline at end of file [-Wnewline-eof]
  255 | }
      |  ^
i2c.c(215): warning: variable 'tmp' set but not used [-Wunused-but-set-variable]
  215 |                 volatile int tmp;
      |                              ^
i2c.c(34): warning: unsafe buffer access [-Wunsafe-buffer-usage]
   34 |                 GPIOB->AFR[1] &= ~(1U<<0);
      |                 ^~~~~~~~~~
C:/Users/user/AppData/Local/Arm/Packs/Keil/STM32F4xx_DFP/2.17.1/Drivers/CMSIS/Device/ST/STM32F4xx/Include\stm32f407xx.h(1103): note: expanded from macro 'GPIOB'
 1103 | #define GPIOB               ((GPIO_TypeDef *) GPIOB_BASE)
      |                             ^
i2c.c(35): warning: unsafe buffer access [-Wunsafe-buffer-usage]
   35 |                 GPIOB->AFR[1] &= ~(1U<<1);
      |                 ^~~~~~~~~~
C:/Users/user/AppData/Local/Arm/Packs/Keil/STM32F4xx_DFP/2.17.1/Drivers/CMSIS/Device/ST/STM32F4xx/Include\stm32f407xx.h(1103): note: expanded from macro 'GPIOB'
 1103 | #define GPIOB               ((GPIO_TypeDef *) GPIOB_BASE)
      |                             ^
i2c.c(36): warning: unsafe buffer access [-Wunsafe-buffer-usage]
   36 |                 GPIOB->AFR[1] |= (1U<<2);
      |                 ^~~~~~~~~~
C:/Users/user/AppData/Local/Arm/Packs/Keil/STM32F4xx_DFP/2.17.1/Drivers/CMSIS/Device/ST/STM32F4xx/Include\stm32f407xx.h(1103): note: expanded from macro 'GPIOB'
 1103 | #define GPIOB               ((GPIO_TypeDef *) GPIOB_BASE)
      |                             ^
i2c.c(37): warning: unsafe buffer access [-Wunsafe-buffer-usage]
   37 |                 GPIOB->AFR[1] &= ~(1U<<3);
      |                 ^~~~~~~~~~
C:/Users/user/AppData/Local/Arm/Packs/Keil/STM32F4xx_DFP/2.17.1/Drivers/CMSIS/Device/ST/STM32F4xx/Include\stm32f407xx.h(1103): note: expanded from macro 'GPIOB'
 1103 | #define GPIOB               ((GPIO_TypeDef *) GPIOB_BASE)
      |                             ^
i2c.c(40): warning: unsafe buffer access [-Wunsafe-buffer-usage]
   40 |                 GPIOB->AFR[1] &= ~(1U<<4);
      |                 ^~~~~~~~~~
C:/Users/user/AppData/Local/Arm/Packs/Keil/STM32F4xx_DFP/2.17.1/Drivers/CMSIS/Device/ST/STM32F4xx/Include\stm32f407xx.h(1103): note: expanded from macro 'GPIOB'
 1103 | #define GPIOB               ((GPIO_TypeDef *) GPIOB_BASE)
      |                             ^
i2c.c(41): warning: unsafe buffer access [-Wunsafe-buffer-usage]
   41 |                 GPIOB->AFR[1] &= ~(1U<<5);
      |                 ^~~~~~~~~~
C:/Users/user/AppData/Local/Arm/Packs/Keil/STM32F4xx_DFP/2.17.1/Drivers/CMSIS/Device/ST/STM32F4xx/Include\stm32f407xx.h(1103): note: expanded from macro 'GPIOB'
 1103 | #define GPIOB               ((GPIO_TypeDef *) GPIOB_BASE)
      |                             ^
i2c.c(42): warning: unsafe buffer access [-Wunsafe-buffer-usage]
   42 |                 GPIOB->AFR[1] |= (1U<<6);
      |                 ^~~~~~~~~~
C:/Users/user/AppData/Local/Arm/Packs/Keil/STM32F4xx_DFP/2.17.1/Drivers/CMSIS/Device/ST/STM32F4xx/Include\stm32f407xx.h(1103): note: expanded from macro 'GPIOB'
 1103 | #define GPIOB               ((GPIO_TypeDef *) GPIOB_BASE)
      |                             ^
i2c.c(43): warning: unsafe buffer access [-Wunsafe-buffer-usage]
   43 |                                 GPIOB->AFR[1] &= ~(1U<<7);
      |                                 ^~~~~~~~~~
C:/Users/user/AppData/Local/Arm/Packs/Keil/STM32F4xx_DFP/2.17.1/Drivers/CMSIS/Device/ST/STM32F4xx/Include\stm32f407xx.h(1103): note: expanded from macro 'GPIOB'
 1103 | #define GPIOB               ((GPIO_TypeDef *) GPIOB_BASE)
      |                             ^
i2c.c(127): warning: unsafe pointer arithmetic [-Wunsafe-buffer-usage]
  127 |                                 *data++ = I2C1->DR;
      |                                  ^~~~
i2c.c(195): warning: unsafe pointer arithmetic [-Wunsafe-buffer-usage]
  195 |                                 *data++ = I2C1->DR;
      |                                  ^~~~
i2c.c(203): warning: unsafe pointer arithmetic [-Wunsafe-buffer-usage]
  203 |                                                 (*data++) = I2C1->DR;
      |                                                   ^~~~
i2c.c(246): warning: unsafe pointer arithmetic [-Wunsafe-buffer-usage]
  246 |                                                  I2C1->DR = *data++;
      |                                                              ^~~~
30 warnings generated.
compiling i2c.c...
linking...
Program Size: Code=2760 RO-data=424 RW-data=4 ZI-data=1664  
".\Objects\I2C_ADXL345.axf" - 0 Error(s), 30 Warning(s).

<h2>Software Packages used:</h2>

Package Vendor: ARM
                https://www.keil.com/pack/ARM.CMSIS.6.0.0.pack
                ARM::CMSIS@6.0.0
                CMSIS (Common Microcontroller Software Interface Standard)
   * Component: CORE Version: 6.0.0

Package Vendor: Keil
                https://www.keil.com/pack/Keil.STM32F4xx_DFP.2.17.1.pack
                Keil::STM32F4xx_DFP@2.17.1
                STMicroelectronics STM32F4 Series Device Support, Drivers and Examples
   * Component: Startup Version: 2.6.3

<h2>Collection of Component include folders:</h2>
  ./RTE/_Target_1
  C:/Users/user/AppData/Local/Arm/Packs/ARM/CMSIS/6.0.0/CMSIS/Core/Include
  C:/Users/user/AppData/Local/Arm/Packs/Keil/STM32F4xx_DFP/2.17.1/Drivers/CMSIS/Device/ST/STM32F4xx/Include

<h2>Collection of Component Files used:</h2>

   * Component: ARM::CMSIS:CORE@6.0.0

   * Component: Keil::Device:Startup@2.6.3
      Source file:   MDK/Device/Source/ARM/STM32F4xx_OTP.s
      Source file:   MDK/Device/Source/ARM/STM32F40xxx_41xxx_OPT.s
      Include file:  Drivers/CMSIS/Device/ST/STM32F4xx/Include/stm32f4xx.h
      Source file:   Drivers/CMSIS/Device/ST/STM32F4xx/Source/Templates/arm/startup_stm32f407xx.s
      Source file:   Drivers/CMSIS/Device/ST/STM32F4xx/Source/Templates/system_stm32f4xx.c
Build Time Elapsed:  00:00:01
</pre>
</body>
</html>
