<html>
<body>
<pre>
<h1>µVision Build Log</h1>
<h2>Tool Versions:</h2>
IDE-Version: µVision V5.39.0.0
Copyright (C) 2023 ARM Ltd and ARM Germany GmbH. All rights reserved.
License Information: vysakh c, HP Inc., LIC=----
 
Tool Versions:
Toolchain:       MDK-Lite  Version: 5.39.0.0
Toolchain Path:  C:\Keil_v5\ARM\ARMCLANG\Bin
C Compiler:      ArmClang.exe V6.21
Assembler:       Armasm.exe V6.21
Linker/Locator:  ArmLink.exe V6.21
Library Manager: ArmAr.exe V6.21
Hex Converter:   FromElf.exe V6.21
CPU DLL:         SARMCM3.DLL V5.39.0.0
Dialog DLL:      DCM.DLL V1.17.5.0
Target DLL:      STLink\ST-LINKIII-KEIL_SWO.dll V3.2.0.0
Dialog DLL:      TCM.DLL V1.56.4.0
 
<h2>Project:</h2>
D:\STM32F407VGT6U DISCOVERY BOARD_CMSIS\10_I2C_LCD\10_I2C_LCD.uvprojx
Project File Date:  03/06/2024

<h2>Output:</h2>
*** Using Compiler 'V6.21', folder: 'C:\Keil_v5\ARM\ARMCLANG\Bin'
Build target 'Target 1'
main.c(46): warning: a function declaration without a prototype is deprecated in all versions of C [-Wstrict-prototypes]
   46 | void GPIO_Init(){
      |               ^
      |                void
main.c(65): warning: a function declaration without a prototype is deprecated in all versions of C [-Wstrict-prototypes]
   65 | void I2C_Init(){
      |              ^
      |               void
main.c(88): warning: a function declaration without a prototype is deprecated in all versions of C [-Wstrict-prototypes]
   88 | void I2C_Start(){
      |               ^
      |                void
main.c(121): warning: implicit conversion loses integer precision: 'uint32_t' (aka 'unsigned int') to 'uint8_t' (aka 'unsigned char') [-Wimplicit-int-conversion]
  121 |     clc = (I2C1->SR1 | I2C1->SR2);
      |         ~  ~~~~~~~~~~^~~~~~~~~~~
main.c(123): warning: a function declaration without a prototype is deprecated in all versions of C [-Wstrict-prototypes]
  123 | void I2C_Stop(){
      |              ^
      |               void
main.c(182): warning: implicit conversion loses integer precision: 'int' to 'uint8_t' (aka 'unsigned char') [-Wimplicit-int-conversion]
  182 |         LCD_Write_Cmd(LCD_ADDR, INST_REG, c);
      |         ~~~~~~~~~~~~~                     ^
main.c(186): warning: implicit conversion loses integer precision: 'int' to 'uint8_t' (aka 'unsigned char') [-Wimplicit-int-conversion]
  186 |         LCD_Write_Cmd(LCD_ADDR, INST_REG, c);
      |         ~~~~~~~~~~~~~                     ^
main.c(189): warning: a function declaration without a prototype is deprecated in all versions of C [-Wstrict-prototypes]
  189 | void LCD_Init(){
      |              ^
      |               void
main.c(236): warning: implicit conversion changes signedness: 'int' to 'uint32_t' (aka 'unsigned int') [-Wsign-conversion]
  236 |     TIM4->SR &= ~(0x0001); //Reset the update interrupt flag
      |              ~~ ^~~~~~~~~
main.c(33): warning: no previous extern declaration for non-static variable 'clc' [-Wmissing-variable-declarations]
   33 | uint8_t clc;
      |         ^
main.c(33): note: declare 'static' if the variable is not intended to be used outside of this translation unit
   33 | uint8_t clc;
      | ^
10 warnings generated.
compiling main.c...
linking...
Program Size: Code=1620 RO-data=408 RW-data=0 ZI-data=1640  
".\Objects\10_I2C_LCD.axf" - 0 Error(s), 10 Warning(s).

<h2>Software Packages used:</h2>

Package Vendor: ARM
                https://www.keil.com/pack/ARM.CMSIS.6.0.0.pack
                ARM::CMSIS@6.0.0
                CMSIS (Common Microcontroller Software Interface Standard)
   * Component: CORE Version: 6.0.0

Package Vendor: Keil
                https://www.keil.com/pack/Keil.STM32F4xx_DFP.2.17.1.pack
                Keil::STM32F4xx_DFP@2.17.1
                STMicroelectronics STM32F4 Series Device Support, Drivers and Examples
   * Component: Startup Version: 2.6.3

<h2>Collection of Component include folders:</h2>
  ./RTE/_Target_1
  C:/Users/vysak/AppData/Local/Arm/Packs/ARM/CMSIS/6.0.0/CMSIS/Core/Include
  C:/Users/vysak/AppData/Local/Arm/Packs/Keil/STM32F4xx_DFP/2.17.1/Drivers/CMSIS/Device/ST/STM32F4xx/Include

<h2>Collection of Component Files used:</h2>

   * Component: ARM::CMSIS:CORE@6.0.0

   * Component: Keil::Device:Startup@2.6.3
      Source file:   Drivers/CMSIS/Device/ST/STM32F4xx/Source/Templates/arm/startup_stm32f407xx.s
      Source file:   MDK/Device/Source/ARM/STM32F4xx_OTP.s
      Include file:  Drivers/CMSIS/Device/ST/STM32F4xx/Include/stm32f4xx.h
      Source file:   MDK/Device/Source/ARM/STM32F40xxx_41xxx_OPT.s
      Source file:   Drivers/CMSIS/Device/ST/STM32F4xx/Source/Templates/system_stm32f4xx.c
Build Time Elapsed:  00:00:00
</pre>
</body>
</html>
